// Jest Snapshot v1, https://goo.gl/fbAQLP

exports[`GenresItem renders properly 1`] = `
<li
  className="catalog__genres-item catalog__genres-item--active"
>
  <a
    className="catalog__genres-link"
    href="/"
    onClick={[MockFunction]}
  >
    New genre
  </a>
</li>
`;
