// Jest Snapshot v1, https://goo.gl/fbAQLP

exports[`MovieCard renders properly 1`] = `
<article
  className="small-movie-card catalog__movies-card"
  onMouseEnter={[Function]}
  onMouseLeave={[Function]}
>
  <div
    className="small-movie-card__image"
  >
    <VideoPlayer
      delay={1000}
      play={false}
      poster={
        Object {
          "alt": "Orlando",
          "height": 175,
          "src": undefined,
          "width": 280,
        }
      }
    />
  </div>
  <h3
    className="small-movie-card__title"
  >
    <Link
      className="small-movie-card__link"
      to="/films/1"
    >
      Orlando
    </Link>
  </h3>
</article>
`;
