// Jest Snapshot v1, https://goo.gl/fbAQLP

exports[`MovieList renders properly 1`] = `
<div
  className="catalog__movies-list"
>
  <MovieCard
    id="movie-1"
    img={
      Object {
        "alt": "Fantastic Beasts: The Crimes of Grindelwald",
        "height": 175,
        "src": "fantastic-beasts-the-crimes-of-grindelwald.jpg",
        "width": 280,
      }
    }
    key="movie-1"
    title="Fantastic Beasts: The Crimes of Grindelwald"
    videoSrc="https://st.depositphotos.com/1100827/3666/v/600/depositphotos_36660843-stock-video-girl-leans-back-among-the.mp4"
  />
  <MovieCard
    id="movie-2"
    img={
      Object {
        "alt": "Bohemian Rhapsody",
        "height": 175,
        "src": "bohemian-rhapsody.jpg",
        "width": 280,
      }
    }
    key="movie-2"
    title="Bohemian Rhapsody"
    videoSrc="https://upload.wikimedia.org/wikipedia/commons/transcoded/b/b3/Big_Buck_Bunny_Trailer_400p.ogv/Big_Buck_Bunny_Trailer_400p.ogv.360p.webm"
  />
  <MovieCard
    id="movie-3"
    img={
      Object {
        "alt": "Macbeth",
        "height": 175,
        "src": "macbeth.jpg",
        "width": 280,
      }
    }
    key="movie-3"
    title="Macbeth"
    videoSrc="https://st.depositphotos.com/1100827/3666/v/600/depositphotos_36660843-stock-video-girl-leans-back-among-the.mp4"
  />
  <MovieCard
    id="movie-4"
    img={
      Object {
        "alt": "Aviator",
        "height": 175,
        "src": "aviator.jpg",
        "width": 280,
      }
    }
    key="movie-4"
    title="Aviator"
    videoSrc="https://upload.wikimedia.org/wikipedia/commons/transcoded/b/b3/Big_Buck_Bunny_Trailer_400p.ogv/Big_Buck_Bunny_Trailer_400p.ogv.360p.webm"
  />
  <MovieCard
    id="movie-5"
    img={
      Object {
        "alt": "What We Do in the Shadows",
        "height": 175,
        "src": "we-need-to-talk-about-kevin.jpg",
        "width": 280,
      }
    }
    key="movie-5"
    title="What We Do in the Shadows"
    videoSrc="https://st.depositphotos.com/1100827/3666/v/600/depositphotos_36660843-stock-video-girl-leans-back-among-the.mp4"
  />
</div>
`;
