// Jest Snapshot v1, https://goo.gl/fbAQLP

exports[`VideoPlayerFullscreen renders nothing if visible false 1`] = `""`;

exports[`VideoPlayerFullscreen renders properly 1`] = `
<div
  className="player"
  style={
    Object {
      "backgroundColor": "#D8D3BD",
    }
  }
>
  <video
    className="player__video"
    poster="https://htmlacademy-react-2.appspot.com/wtw/static/film/background/Orlando.jpg"
    src="http://media.xiph.org/mango/tears_of_steel_1080p.webm"
  />
  <button
    className="player__exit"
    onClick={[MockFunction]}
    type="button"
  >
    Exit
  </button>
  <div
    className="player__controls"
  >
    <div
      className="player__controls-row"
    >
      <div
        className="player__time"
      >
        <progress
          className="player__progress"
          max="100"
          value="30"
        />
        <div
          className="player__toggler"
          style={
            Object {
              "left": "30%",
            }
          }
        >
          Toggler
        </div>
      </div>
      <div
        className="player__time-value"
      >
        1:30:29
      </div>
    </div>
    <div
      className="player__controls-row"
    >
      <button
        className="player__play"
        onClick={[Function]}
        type="button"
      >
        <svg
          height="19"
          viewBox="0 0 19 19"
          width="19"
        >
          <use
            xlinkHref="#play-s"
          />
        </svg>
        <span>
          Play
        </span>
      </button>
      <div
        className="player__name"
      >
        Orlando
      </div>
      <button
        className="player__full-screen"
        type="button"
      >
        <svg
          height="27"
          viewBox="0 0 27 27"
          width="27"
        >
          <use
            xlinkHref="#full-screen"
          />
        </svg>
        <span>
          Full screen
        </span>
      </button>
    </div>
  </div>
</div>
`;
