// Jest Snapshot v1, https://goo.gl/fbAQLP

exports[`MovieList renders properly 1`] = `
<div
  className="catalog__movies-list"
>
  <MovieCard
    id={1}
    key="1"
    name="Orlando"
    previewImage="https://htmlacademy-react-2.appspot.com/wtw/static/film/preview/orlando.jpg"
    previewVideoLink="https://download.blender.org/durian/trailer/sintel_trailer-480p.mp4"
  />
  <MovieCard
    id={2}
    key="2"
    name="Beach"
    previewImage="https://htmlacademy-react-2.appspot.com/wtw/static/film/preview/beach.jpg"
    previewVideoLink="https://upload.wikimedia.org/wikipedia/commons/transcoded/b/b3/Big_Buck_Bunny_Trailer_400p.ogv/Big_Buck_Bunny_Trailer_400p.ogv.360p.webm"
  />
  <MovieCard
    id={3}
    key="3"
    name="Midnight Special"
    previewImage="https://htmlacademy-react-2.appspot.com/wtw/static/film/preview/midnight-special.jpg"
    previewVideoLink="https://download.blender.org/durian/trailer/sintel_trailer-480p.mp4"
  />
  <MovieCard
    id={4}
    key="4"
    name="Once Upon a Time in America"
    previewImage="https://htmlacademy-react-2.appspot.com/wtw/static/film/preview/Once_Upon_a_Time_in_America.jpg"
    previewVideoLink="https://download.blender.org/durian/trailer/sintel_trailer-480p.mp4"
  />
  <MovieCard
    id={5}
    key="5"
    name="Seven Years in Tibet"
    previewImage="https://htmlacademy-react-2.appspot.com/wtw/static/film/preview/seven-years-in-tibet.jpg"
    previewVideoLink="https://download.blender.org/durian/trailer/sintel_trailer-480p.mp4"
  />
  <MovieCard
    id={6}
    key="6"
    name="Gangs of new york"
    previewImage="https://htmlacademy-react-2.appspot.com/wtw/static/film/preview/gangs_of_new_york.jpg"
    previewVideoLink="https://download.blender.org/durian/trailer/sintel_trailer-480p.mp4"
  />
  <MovieCard
    id={7}
    key="7"
    name="Macbeth"
    previewImage="https://htmlacademy-react-2.appspot.com/wtw/static/film/preview/macbeth.jpg"
    previewVideoLink="https://upload.wikimedia.org/wikipedia/commons/transcoded/b/b3/Big_Buck_Bunny_Trailer_400p.ogv/Big_Buck_Bunny_Trailer_400p.ogv.360p.webm"
  />
  <MovieCard
    id={8}
    key="8"
    name="Moonrise Kingdom"
    previewImage="https://htmlacademy-react-2.appspot.com/wtw/static/film/preview/moonrise-kingdom.jpg"
    previewVideoLink="https://download.blender.org/durian/trailer/sintel_trailer-480p.mp4"
  />
  <MovieCard
    id={9}
    key="9"
    name="A Star Is Born"
    previewImage="https://htmlacademy-react-2.appspot.com/wtw/static/film/preview/A_Star_Is_Born.jpg"
    previewVideoLink="https://download.blender.org/durian/trailer/sintel_trailer-480p.mp4"
  />
  <MovieCard
    id={10}
    key="10"
    name="Bohemian Rhapsody"
    previewImage="https://htmlacademy-react-2.appspot.com/wtw/static/film/preview/bohemian_rhapsody.jpg"
    previewVideoLink="https://download.blender.org/durian/trailer/sintel_trailer-480p.mp4"
  />
  <MovieCard
    id={11}
    key="11"
    name="Fantastic Beasts: The Crimes of Grindelwald"
    previewImage="https://htmlacademy-react-2.appspot.com/wtw/static/film/preview/fantastic-beasts-the-crimes-of-grindelwald.jpg"
    previewVideoLink="https://download.blender.org/durian/trailer/sintel_trailer-480p.mp4"
  />
  <MovieCard
    id={12}
    key="12"
    name="What We Do in the Shadows"
    previewImage="https://htmlacademy-react-2.appspot.com/wtw/static/film/preview/what-we-do-in-the-shadows.jpg"
    previewVideoLink="https://upload.wikimedia.org/wikipedia/commons/transcoded/b/b3/Big_Buck_Bunny_Trailer_400p.ogv/Big_Buck_Bunny_Trailer_400p.ogv.360p.webm"
  />
  <MovieCard
    id={13}
    key="13"
    name="Pulp Fiction"
    previewImage="https://htmlacademy-react-2.appspot.com/wtw/static/film/preview/pulp-fiction.jpg"
    previewVideoLink="https://download.blender.org/durian/trailer/sintel_trailer-480p.mp4"
  />
  <MovieCard
    id={14}
    key="14"
    name="Matrix"
    previewImage="https://htmlacademy-react-2.appspot.com/wtw/static/film/preview/matrix.jpg"
    previewVideoLink="https://upload.wikimedia.org/wikipedia/commons/transcoded/b/b3/Big_Buck_Bunny_Trailer_400p.ogv/Big_Buck_Bunny_Trailer_400p.ogv.360p.webm"
  />
  <MovieCard
    id={15}
    key="15"
    name="Aviator"
    previewImage="https://htmlacademy-react-2.appspot.com/wtw/static/film/preview/aviator.jpg"
    previewVideoLink="https://download.blender.org/durian/trailer/sintel_trailer-480p.mp4"
  />
  <MovieCard
    id={16}
    key="16"
    name="Legend"
    previewImage="https://htmlacademy-react-2.appspot.com/wtw/static/film/preview/legend.jpg"
    previewVideoLink="https://upload.wikimedia.org/wikipedia/commons/transcoded/b/b3/Big_Buck_Bunny_Trailer_400p.ogv/Big_Buck_Bunny_Trailer_400p.ogv.360p.webm"
  />
  <MovieCard
    id={17}
    key="17"
    name="The Revenant"
    previewImage="https://htmlacademy-react-2.appspot.com/wtw/static/film/preview/revenant.jpg"
    previewVideoLink="https://upload.wikimedia.org/wikipedia/commons/transcoded/b/b3/Big_Buck_Bunny_Trailer_400p.ogv/Big_Buck_Bunny_Trailer_400p.ogv.360p.webm"
  />
  <MovieCard
    id={18}
    key="18"
    name="War of the Worlds"
    previewImage="https://htmlacademy-react-2.appspot.com/wtw/static/film/preview/war-of-the-worlds.jpg"
    previewVideoLink="https://upload.wikimedia.org/wikipedia/commons/transcoded/b/b3/Big_Buck_Bunny_Trailer_400p.ogv/Big_Buck_Bunny_Trailer_400p.ogv.360p.webm"
  />
  <MovieCard
    id={19}
    key="19"
    name="No Country for Old Men"
    previewImage="https://htmlacademy-react-2.appspot.com/wtw/static/film/preview/no-country-for-old-men.jpg"
    previewVideoLink="https://upload.wikimedia.org/wikipedia/commons/transcoded/b/b3/Big_Buck_Bunny_Trailer_400p.ogv/Big_Buck_Bunny_Trailer_400p.ogv.360p.webm"
  />
  <MovieCard
    id={20}
    key="20"
    name="We need to talk about Kevin"
    previewImage="https://htmlacademy-react-2.appspot.com/wtw/static/film/preview/we-need-to-talk-about-kevin.jpg"
    previewVideoLink="https://upload.wikimedia.org/wikipedia/commons/transcoded/b/b3/Big_Buck_Bunny_Trailer_400p.ogv/Big_Buck_Bunny_Trailer_400p.ogv.360p.webm"
  />
  <MovieCard
    id={21}
    key="21"
    name="Dardjeeling Limited"
    previewImage="https://htmlacademy-react-2.appspot.com/wtw/static/film/preview/dardjeeling_limited.jpg"
    previewVideoLink="https://download.blender.org/durian/trailer/sintel_trailer-480p.mp4"
  />
  <MovieCard
    id={22}
    key="22"
    name="Johnny English"
    previewImage="https://htmlacademy-react-2.appspot.com/wtw/static/film/preview/johnny-english.jpg"
    previewVideoLink="https://download.blender.org/durian/trailer/sintel_trailer-480p.mp4"
  />
  <MovieCard
    id={23}
    key="23"
    name="Snatch"
    previewImage="https://htmlacademy-react-2.appspot.com/wtw/static/film/preview/snatch.jpg"
    previewVideoLink="https://upload.wikimedia.org/wikipedia/commons/transcoded/b/b3/Big_Buck_Bunny_Trailer_400p.ogv/Big_Buck_Bunny_Trailer_400p.ogv.360p.webm"
  />
  <MovieCard
    id={24}
    key="24"
    name="Bronson"
    previewImage="https://htmlacademy-react-2.appspot.com/wtw/static/film/preview/bronson.jpg"
    previewVideoLink="https://download.blender.org/durian/trailer/sintel_trailer-480p.mp4"
  />
  <MovieCard
    id={25}
    key="25"
    name="Shutter Island"
    previewImage="https://htmlacademy-react-2.appspot.com/wtw/static/film/preview/shutter-island.jpg"
    previewVideoLink="https://upload.wikimedia.org/wikipedia/commons/transcoded/b/b3/Big_Buck_Bunny_Trailer_400p.ogv/Big_Buck_Bunny_Trailer_400p.ogv.360p.webm"
  />
</div>
`;
